TAP version 13
# Subtest: \#532 черновик не виден на сайте и не входит в историю версий
ok 1 - \#532 черновик не виден на сайте и не входит в историю версий
  ---
  duration_ms: 3.082102
  type: 'test'
  ...
# Subtest: \#532 «Опубликовать» применяет черновик, снимает его и снимает версию прежнего
ok 2 - \#532 «Опубликовать» применяет черновик, снимает его и снимает версию прежнего
  ---
  duration_ms: 0.994628
  type: 'test'
  ...
# Subtest: \#532 публикация без разницы не двигает дату изменения (\#516)
ok 3 - \#532 публикация без разницы не двигает дату изменения (\#516)
  ---
  duration_ms: 6.525974
  type: 'test'
  ...
# Subtest: \#532 «Отменить» ничего не меняет на сайте
ok 4 - \#532 «Отменить» ничего не меняет на сайте
  ---
  duration_ms: 0.469105
  type: 'test'
  ...
# Subtest: \#532 ретенция истории не вытесняет черновик
ok 5 - \#532 ретенция истории не вытесняет черновик
  ---
  duration_ms: 0.8699
  type: 'test'
  ...
1..5
# tests 5
# suites 0
# pass 5
# fail 0
# cancelled 0
# skipped 0
# todo 0
# duration_ms 21.653756
