TAP version 13
# Subtest: \#496 модуль выключен — шаблоны не отдаются; включён — отдаются сохранённые
ok 1 - \#496 модуль выключен — шаблоны не отдаются; включён — отдаются сохранённые
  ---
  duration_ms: 2.314577
  type: 'test'
  ...
# Subtest: \#518 лид-ответ: кому положен, пусто/заполнено, счёт «N из M» для чек-листа
ok 2 - \#518 лид-ответ: кому положен, пусто/заполнено, счёт «N из M» для чек-листа
  ---
  duration_ms: 23.268949
  type: 'test'
  ...
# Subtest: \#518 collectCheckItems: страница без лида даёт leadMissing
ok 3 - \#518 collectCheckItems: страница без лида даёт leadMissing
  ---
  duration_ms: 12.677455
  type: 'test'
  ...
1..3
# tests 3
# suites 0
# pass 3
# fail 0
# cancelled 0
# skipped 0
# todo 0
# duration_ms 44.794961
