TAP version 13
# Subtest: \#497 проверка находит каждый из пяти классов и молчит на здоровом
ok 1 - \#497 проверка находит каждый из пяти классов и молчит на здоровом
  ---
  duration_ms: 9.572499
  type: 'test'
  ...
# Subtest: \#497 noindex вне карты сайта — не находка
ok 2 - \#497 noindex вне карты сайта — не находка
  ---
  duration_ms: 0.34084
  type: 'test'
  ...
# Subtest: \#497 сводка считается по строкам
ok 3 - \#497 сводка считается по строкам
  ---
  duration_ms: 0.648568
  type: 'test'
  ...
# Subtest: \#518 «нет лид-ответа»: находка с переходом на поле лида; заполненный — молчит
ok 4 - \#518 «нет лид-ответа»: находка с переходом на поле лида; заполненный — молчит
  ---
  duration_ms: 0.49782
  type: 'test'
  ...
1..4
# tests 4
# suites 0
# pass 4
# fail 0
# cancelled 0
# skipped 0
# todo 0
# duration_ms 26.131231
